22:50:09 **** Incremental Build of configuration Debug for project AnalogRead_16khz_SamplingRate ****
make -j4 all 
arm-none-eabi-gcc "../Core/Src/main.c" -mcpu=cortex-m3 -std=gnu11 -g3 -DUSE_HAL_DRIVER -DSTM32F103xB -DDEBUG -c -I../Drivers/CMSIS/Device/ST/STM32F1xx/Include -I../Drivers/CMSIS/Include -I../Core/Inc -I../Drivers/STM32F1xx_HAL_Driver/Inc/Legacy -I../Drivers/STM32F1xx_HAL_Driver/Inc -O0 -ffunction-sections -fdata-sections -Wall -fstack-usage -MMD -MP -MF"Core/Src/main.d" -MT"Core/Src/main.o" --specs=nano.specs -mfloat-abi=soft -mthumb -o "Core/Src/main.o"
arm-none-eabi-gcc -o "AnalogRead_16khz_SamplingRate.elf" @"objects.list"   -mcpu=cortex-m3 -T"E:\CEDT projects\MJ sir bluepill repo\STM32_Tutorials\Softwares\Examples\Bluepill\AllPheripheralsUsingCubeMx\AnalogRead\STM32F103C8TX_FLASH.ld" --specs=nosys.specs -Wl,-Map="AnalogRead_16khz_SamplingRate.map" -Wl,--gc-sections -static -specs=rdimon.specs -lc -lrdimon --specs=nano.specs -mfloat-abi=soft -mthumb -Wl,--start-group -lc -lm -Wl,--end-group
Finished building target: AnalogRead_16khz_SamplingRate.elf
 
arm-none-eabi-objdump -h -S  AnalogRead_16khz_SamplingRate.elf  > "AnalogRead_16khz_SamplingRate.list"
arm-none-eabi-objcopy  -O binary  AnalogRead_16khz_SamplingRate.elf  "AnalogRead_16khz_SamplingRate.bin"
arm-none-eabi-size   AnalogRead_16khz_SamplingRate.elf 
   text	   data	    bss	    dec	    hex	filename
  13904	    128	   1872	  15904	   3e20	AnalogRead_16khz_SamplingRate.elf
Finished building: default.size.stdout
 
Finished building: AnalogRead_16khz_SamplingRate.bin
 
Finished building: AnalogRead_16khz_SamplingRate.list
 

22:50:12 Build Finished. 0 errors, 0 warnings. (took 2s.541ms)

